2026-10-06 08:59:01,063 INFO Loading compact review records
2026-10-06 08:59:01,754 INFO Read reviews_Clothing_Shoes_and_Jewelry_5.json.gz: 100,000 records
2026-10-06 08:59:02,423 INFO Read reviews_Clothing_Shoes_and_Jewelry_5.json.gz: 200,000 records
2026-10-06 08:59:03,814 INFO Read reviews_Sports_and_Outdoors_5.json.gz: 100,000 records
2026-10-06 08:59:04,555 INFO Read reviews_Sports_and_Outdoors_5.json.gz: 200,000 records
2026-10-06 08:59:05,423 INFO Stage complete: load_reviews (4.4 seconds)
2026-10-06 08:59:05,438 INFO Building exact benchmark mappings and splits
2026-10-06 08:59:06,363 INFO [DATASET] Saving user splitting and id mapping...
2026-10-06 08:59:07,556 INFO [DATASET] Interaction Splitting finished and saved.
2026-10-06 08:59:08,600 INFO Stage complete: benchmark_and_internal_splits (3.2 seconds)
2026-10-06 08:59:08,604 INFO Streaming metadata; retaining only 5-core catalog items
2026-10-06 08:59:17,381 INFO Read meta_Clothing_Shoes_and_Jewelry.json.gz: 100,000 records
2026-10-06 08:59:26,356 INFO Read meta_Clothing_Shoes_and_Jewelry.json.gz: 200,000 records
2026-10-06 08:59:35,394 INFO Read meta_Clothing_Shoes_and_Jewelry.json.gz: 300,000 records
2026-10-06 08:59:44,592 INFO Read meta_Clothing_Shoes_and_Jewelry.json.gz: 400,000 records
2026-10-06 08:59:54,049 INFO Read meta_Clothing_Shoes_and_Jewelry.json.gz: 500,000 records
2026-10-06 09:00:04,408 INFO Read meta_Clothing_Shoes_and_Jewelry.json.gz: 600,000 records
2026-10-06 09:00:14,802 INFO Read meta_Clothing_Shoes_and_Jewelry.json.gz: 700,000 records
2026-10-06 09:00:25,191 INFO Read meta_Clothing_Shoes_and_Jewelry.json.gz: 800,000 records
2026-10-06 09:00:36,483 INFO Read meta_Clothing_Shoes_and_Jewelry.json.gz: 900,000 records
2026-10-06 09:00:46,852 INFO Read meta_Clothing_Shoes_and_Jewelry.json.gz: 1,000,000 records
2026-10-06 09:00:59,017 INFO Read meta_Clothing_Shoes_and_Jewelry.json.gz: 1,100,000 records
2026-10-06 09:01:10,517 INFO Read meta_Clothing_Shoes_and_Jewelry.json.gz: 1,200,000 records
2026-10-06 09:01:22,709 INFO Read meta_Clothing_Shoes_and_Jewelry.json.gz: 1,300,000 records
2026-10-06 09:01:34,917 INFO Read meta_Clothing_Shoes_and_Jewelry.json.gz: 1,400,000 records
2026-10-06 09:01:47,297 INFO Read meta_Clothing_Shoes_and_Jewelry.json.gz: 1,500,000 records
2026-10-06 09:01:58,365 INFO Read meta_Sports_and_Outdoors.json.gz: 100,000 records
2026-10-06 09:02:08,469 INFO Read meta_Sports_and_Outdoors.json.gz: 200,000 records
2026-10-06 09:02:18,206 INFO Read meta_Sports_and_Outdoors.json.gz: 300,000 records
2026-10-06 09:02:28,818 INFO Read meta_Sports_and_Outdoors.json.gz: 400,000 records
2026-10-06 09:02:40,348 INFO Read meta_Sports_and_Outdoors.json.gz: 500,000 records
2026-10-06 09:02:44,501 INFO Stage complete: static_catalogs (215.9 seconds)
2026-10-06 09:02:46,310 INFO Read reviews_Clothing_Shoes_and_Jewelry_5.json.gz: 100,000 records
2026-10-06 09:02:48,226 INFO Read reviews_Clothing_Shoes_and_Jewelry_5.json.gz: 200,000 records
2026-10-06 09:02:52,679 INFO Read reviews_Sports_and_Outdoors_5.json.gz: 100,000 records
2026-10-06 09:02:55,845 INFO Read reviews_Sports_and_Outdoors_5.json.gz: 200,000 records
2026-10-06 09:03:02,831 INFO Stage complete: sidecars_profiles_and_statistics (18.3 seconds)
2026-10-06 09:03:02,841 INFO Hashing raw inputs and writing final audit
2026-10-06 09:03:03,369 INFO Stage complete: raw_checksums (0.5 seconds)
2026-10-06 09:03:03,383 INFO Preparation complete in 242.3 seconds; audit: F:\Projects\MultiAgentCDR\doc\experiments\2026-10-06_cloth_sports_90_5_5\audit.md
