{"state": "complete", "completed_at": "2026-10-06T07:19:35.612843+00:00", "users": 156, "hidden_interactions": 1577, "hidden_rows_before_deduplication": 1577, "same_asin_hidden_interactions": 165, "different_asin_hidden_interactions": 1412, "label_source": {"path": "CDRec\\data\\agent_evidence\\cloth_to_sports\\v2\\hidden_feedback\\prompt_dev.pkl", "sha256": "66f12e9104ccf7539475732258f3871d131dbec4a829eeda2f6cc7c35c2a41da"}, "candidate_generation_manifest_sha256": "5e8d8a3530baa9743b9ff5ee2fc169ebc128f276fe4f75736362c0eca6ed86c2", "ranking_is_frozen_before_label_read": true, "internal_prompt_val_read": false, "formal_test_read": false, "llm_calls": 0, "gpu_used": false, "unobserved_is_negative_preference": false, "downstream_recommendation_evaluated": false, "evaluation_seconds": 0.28}
standard semantic 10 1550 66 0.0419 0 0.0
standard semantic 50 7750 109 0.0691 3 0.0021
standard semantic 100 15500 126 0.0799 3 0.0021
standard semantic 200 31000 142 0.09 9 0.0064
standard g 10 1560 24 0.0152 17 0.012
standard g 50 7800 63 0.0399 51 0.0361
standard g 100 15600 107 0.0679 89 0.063
standard g 200 31200 168 0.1065 146 0.1034
standard rrf 10 1560 69 0.0438 11 0.0078
standard rrf 50 7800 133 0.0843 36 0.0255
standard rrf 100 15600 166 0.1053 53 0.0375
standard rrf 200 31200 221 0.1401 92 0.0652
standard union 10 3108 88 0.0558 17 0.012
standard union 50 15519 165 0.1046 54 0.0382
standard union 100 30969 220 0.1395 92 0.0652
standard union 200 61674 290 0.1839 154 0.1091
exclude_source_asin semantic 10 1550 0 0.0 0 0.0
exclude_source_asin semantic 50 7750 3 0.0019 3 0.0021
exclude_source_asin semantic 100 15500 3 0.0019 3 0.0021
exclude_source_asin semantic 200 31000 9 0.0057 9 0.0064
exclude_source_asin g 10 1560 18 0.0114 18 0.0127
exclude_source_asin g 50 7800 51 0.0323 51 0.0361
exclude_source_asin g 100 15600 89 0.0564 89 0.063
exclude_source_asin g 200 31200 146 0.0926 146 0.1034
exclude_source_asin rrf 10 1560 12 0.0076 12 0.0085
exclude_source_asin rrf 50 7800 36 0.0228 36 0.0255
exclude_source_asin rrf 100 15600 53 0.0336 53 0.0375
exclude_source_asin rrf 200 31200 92 0.0583 92 0.0652
exclude_source_asin union 10 3110 18 0.0114 18 0.0127
exclude_source_asin union 50 15526 54 0.0342 54 0.0382
exclude_source_asin union 100 30979 92 0.0583 92 0.0652
exclude_source_asin union 200 61690 154 0.0977 154 0.1091
