{"completed": 1, "total": 200, "pair_id": "cloth_sports:prompt_dev:42:13979", "pair_seconds": 5.642, "run_seconds": 5.65}
{"completed": 2, "total": 200, "pair_id": "cloth_sports:prompt_dev:42:14055", "pair_seconds": 5.949, "run_seconds": 5.95}
{"completed": 3, "total": 200, "pair_id": "cloth_sports:prompt_dev:42:15748", "pair_seconds": 6.108, "run_seconds": 6.11}
{"completed": 4, "total": 200, "pair_id": "cloth_sports:prompt_dev:42:14764", "pair_seconds": 6.283, "run_seconds": 6.29}
{"pair_id": "cloth_sports:prompt_dev:42:14060", "error": "semantic: malformed reasoning (expected one short sentence)", "type": "PipelineError"}
{"completed": 5, "total": 200, "pair_id": "cloth_sports:prompt_dev:42:14061", "pair_seconds": 3.531, "run_seconds": 9.64}
{"completed": 6, "total": 200, "pair_id": "cloth_sports:prompt_dev:42:13517", "pair_seconds": 4.002, "run_seconds": 9.65}
{"pair_id": "cloth_sports:prompt_dev:42:15483", "error": "popularity_bias: reasoning hit the token limit", "type": "PipelineError"}
{"completed": 7, "total": 200, "pair_id": "cloth_sports:prompt_dev:42:14054", "pair_seconds": 4.128, "run_seconds": 11.24}
{"completed": 8, "total": 200, "pair_id": "cloth_sports:prompt_dev:408:3388", "pair_seconds": 3.632, "run_seconds": 13.28}
{"completed": 9, "total": 200, "pair_id": "cloth_sports:prompt_dev:42:16722", "pair_seconds": 3.958, "run_seconds": 13.6}
{"completed": 10, "total": 200, "pair_id": "cloth_sports:prompt_dev:408:13979", "pair_seconds": 3.547, "run_seconds": 14.09}
{"completed": 11, "total": 200, "pair_id": "cloth_sports:prompt_dev:408:5822", "pair_seconds": 3.876, "run_seconds": 15.12}
{"completed": 12, "total": 200, "pair_id": "cloth_sports:prompt_dev:408:14058", "pair_seconds": 4.2, "run_seconds": 17.48}
{"completed": 13, "total": 200, "pair_id": "cloth_sports:prompt_dev:408:4787", "pair_seconds": 4.111, "run_seconds": 17.71}
{"completed": 14, "total": 200, "pair_id": "cloth_sports:prompt_dev:408:14057", "pair_seconds": 3.931, "run_seconds": 18.03}
{"completed": 15, "total": 200, "pair_id": "cloth_sports:prompt_dev:408:601", "pair_seconds": 3.85, "run_seconds": 18.97}
{"completed": 16, "total": 200, "pair_id": "cloth_sports:prompt_dev:408:2456", "pair_seconds": 3.258, "run_seconds": 20.74}
{"completed": 17, "total": 200, "pair_id": "cloth_sports:prompt_dev:408:14995", "pair_seconds": 3.704, "run_seconds": 21.73}
{"completed": 18, "total": 200, "pair_id": "cloth_sports:prompt_dev:408:14089", "pair_seconds": 4.207, "run_seconds": 21.92}
{"completed": 19, "total": 200, "pair_id": "cloth_sports:prompt_dev:567:2295", "pair_seconds": 4.109, "run_seconds": 23.07}
{"completed": 20, "total": 200, "pair_id": "cloth_sports:prompt_dev:567:13732", "pair_seconds": 3.351, "run_seconds": 24.09}
{"completed": 21, "total": 200, "pair_id": "cloth_sports:prompt_dev:567:15687", "pair_seconds": 3.838, "run_seconds": 25.76}
{"completed": 22, "total": 200, "pair_id": "cloth_sports:prompt_dev:567:46", "pair_seconds": 4.429, "run_seconds": 26.16}
{"completed": 23, "total": 200, "pair_id": "cloth_sports:prompt_dev:567:6594", "pair_seconds": 3.468, "run_seconds": 26.54}
{"completed": 24, "total": 200, "pair_id": "cloth_sports:prompt_dev:567:15748", "pair_seconds": 3.698, "run_seconds": 27.79}
{"completed": 25, "total": 200, "pair_id": "cloth_sports:prompt_dev:567:15806", "pair_seconds": 3.374, "run_seconds": 29.53}
{"completed": 26, "total": 200, "pair_id": "cloth_sports:prompt_dev:567:7258", "pair_seconds": 3.93, "run_seconds": 29.69}
{"completed": 27, "total": 200, "pair_id": "cloth_sports:prompt_dev:567:13517", "pair_seconds": 3.662, "run_seconds": 30.2}
{"completed": 28, "total": 200, "pair_id": "cloth_sports:prompt_dev:567:15940", "pair_seconds": 3.581, "run_seconds": 31.37}
{"completed": 29, "total": 200, "pair_id": "cloth_sports:prompt_dev:588:17286", "pair_seconds": 3.613, "run_seconds": 33.3}
{"completed": 30, "total": 200, "pair_id": "cloth_sports:prompt_dev:588:1371", "pair_seconds": 4.138, "run_seconds": 33.67}
{"completed": 31, "total": 200, "pair_id": "cloth_sports:prompt_dev:588:7399", "pair_seconds": 3.73, "run_seconds": 33.93}
{"completed": 32, "total": 200, "pair_id": "cloth_sports:prompt_dev:588:7877", "pair_seconds": 3.912, "run_seconds": 35.28}
{"completed": 33, "total": 200, "pair_id": "cloth_sports:prompt_dev:588:8010", "pair_seconds": 3.791, "run_seconds": 37.09}
{"completed": 34, "total": 200, "pair_id": "cloth_sports:prompt_dev:588:13116", "pair_seconds": 4.279, "run_seconds": 37.95}
{"completed": 35, "total": 200, "pair_id": "cloth_sports:prompt_dev:588:7027", "pair_seconds": 4.293, "run_seconds": 38.23}
{"pair_id": "cloth_sports:prompt_dev:588:37", "error": "semantic: malformed reasoning (expected one short sentence)", "type": "PipelineError"}
{"completed": 36, "total": 200, "pair_id": "cloth_sports:prompt_dev:588:15857", "pair_seconds": 3.944, "run_seconds": 39.22}
{"completed": 37, "total": 200, "pair_id": "cloth_sports:prompt_dev:588:12846", "pair_seconds": 3.615, "run_seconds": 41.56}
{"completed": 38, "total": 200, "pair_id": "cloth_sports:prompt_dev:781:15748", "pair_seconds": 3.925, "run_seconds": 42.15}
{"completed": 39, "total": 200, "pair_id": "cloth_sports:prompt_dev:781:16181", "pair_seconds": 4.06, "run_seconds": 42.44}
{"completed": 40, "total": 200, "pair_id": "cloth_sports:prompt_dev:781:11424", "pair_seconds": 3.766, "run_seconds": 42.99}
{"completed": 41, "total": 200, "pair_id": "cloth_sports:prompt_dev:781:13517", "pair_seconds": 3.85, "run_seconds": 45.41}
{"completed": 42, "total": 200, "pair_id": "cloth_sports:prompt_dev:781:1108", "pair_seconds": 3.846, "run_seconds": 46.28}
{"completed": 43, "total": 200, "pair_id": "cloth_sports:prompt_dev:781:37", "pair_seconds": 4.421, "run_seconds": 46.57}
{"completed": 44, "total": 200, "pair_id": "cloth_sports:prompt_dev:781:2733", "pair_seconds": 4.081, "run_seconds": 47.07}
{"completed": 45, "total": 200, "pair_id": "cloth_sports:prompt_dev:781:14764", "pair_seconds": 3.452, "run_seconds": 48.87}
{"completed": 46, "total": 200, "pair_id": "cloth_sports:prompt_dev:781:625", "pair_seconds": 3.852, "run_seconds": 50.13}
{"completed": 47, "total": 200, "pair_id": "cloth_sports:prompt_dev:781:16168", "pair_seconds": 3.788, "run_seconds": 50.36}
{"completed": 48, "total": 200, "pair_id": "cloth_sports:prompt_dev:1365:4069", "pair_seconds": 3.973, "run_seconds": 51.05}
{"completed": 49, "total": 200, "pair_id": "cloth_sports:prompt_dev:1365:8587", "pair_seconds": 4.175, "run_seconds": 53.04}
{"completed": 50, "total": 200, "pair_id": "cloth_sports:prompt_dev:1365:5822", "pair_seconds": 3.387, "run_seconds": 53.52}
{"completed": 51, "total": 200, "pair_id": "cloth_sports:prompt_dev:1365:9741", "pair_seconds": 3.845, "run_seconds": 54.21}
{"completed": 52, "total": 200, "pair_id": "cloth_sports:prompt_dev:1365:2456", "pair_seconds": 3.953, "run_seconds": 55.0}
{"completed": 53, "total": 200, "pair_id": "cloth_sports:prompt_dev:1365:7137", "pair_seconds": 3.785, "run_seconds": 56.83}
{"completed": 54, "total": 200, "pair_id": "cloth_sports:prompt_dev:1365:6672", "pair_seconds": 3.617, "run_seconds": 57.14}
{"completed": 55, "total": 200, "pair_id": "cloth_sports:prompt_dev:1365:18157", "pair_seconds": 3.772, "run_seconds": 57.98}
{"pair_id": "cloth_sports:prompt_dev:1397:1061", "error": "semantic: reasoning hit the token limit", "type": "PipelineError"}
{"completed": 56, "total": 200, "pair_id": "cloth_sports:prompt_dev:1365:37", "pair_seconds": 4.485, "run_seconds": 59.48}
{"completed": 57, "total": 200, "pair_id": "cloth_sports:prompt_dev:1365:7337", "pair_seconds": 3.755, "run_seconds": 60.58}
{"pair_id": "cloth_sports:prompt_dev:1397:7047", "error": "popularity_bias: reasoning hit the token limit", "type": "PipelineError"}
{"pair_id": "cloth_sports:prompt_dev:1397:2949", "error": "semantic: malformed reasoning (expected one short sentence)", "type": "PipelineError"}
{"completed": 58, "total": 200, "pair_id": "cloth_sports:prompt_dev:1397:3388", "pair_seconds": 4.136, "run_seconds": 63.6}
{"completed": 59, "total": 200, "pair_id": "cloth_sports:prompt_dev:1397:37", "pair_seconds": 4.13, "run_seconds": 63.61}
{"completed": 60, "total": 200, "pair_id": "cloth_sports:prompt_dev:1397:3084", "pair_seconds": 3.875, "run_seconds": 65.37}
{"completed": 61, "total": 200, "pair_id": "cloth_sports:prompt_dev:1397:4916", "pair_seconds": 4.036, "run_seconds": 65.9}
{"pair_id": "cloth_sports:prompt_dev:1397:1009", "error": "collaborative: reasoning hit the token limit", "type": "PipelineError"}
{"completed": 62, "total": 200, "pair_id": "cloth_sports:prompt_dev:1397:2295", "pair_seconds": 3.974, "run_seconds": 67.59}
{"pair_id": "cloth_sports:prompt_dev:1530:10692", "error": "semantic: malformed reasoning (expected one short sentence)", "type": "PipelineError"}
{"completed": 63, "total": 200, "pair_id": "cloth_sports:prompt_dev:1397:46", "pair_seconds": 4.06, "run_seconds": 69.43}
{"completed": 64, "total": 200, "pair_id": "cloth_sports:prompt_dev:1530:2237", "pair_seconds": 4.166, "run_seconds": 70.07}
{"completed": 65, "total": 200, "pair_id": "cloth_sports:prompt_dev:1530:14949", "pair_seconds": 3.878, "run_seconds": 71.51}
{"completed": 66, "total": 200, "pair_id": "cloth_sports:prompt_dev:1530:14578", "pair_seconds": 4.48, "run_seconds": 72.07}
{"completed": 67, "total": 200, "pair_id": "cloth_sports:prompt_dev:1530:1375", "pair_seconds": 4.415, "run_seconds": 73.85}
{"completed": 68, "total": 200, "pair_id": "cloth_sports:prompt_dev:1530:3535", "pair_seconds": 4.201, "run_seconds": 74.27}
{"completed": 69, "total": 200, "pair_id": "cloth_sports:prompt_dev:1530:3922", "pair_seconds": 4.096, "run_seconds": 75.61}
{"completed": 70, "total": 200, "pair_id": "cloth_sports:prompt_dev:1530:7331", "pair_seconds": 3.937, "run_seconds": 76.0}
{"completed": 71, "total": 200, "pair_id": "cloth_sports:prompt_dev:1530:1371", "pair_seconds": 4.087, "run_seconds": 77.93}
{"pair_id": "cloth_sports:prompt_dev:1644:625", "error": "collaborative: reasoning hit the token limit", "type": "PipelineError"}
{"completed": 72, "total": 200, "pair_id": "cloth_sports:prompt_dev:1530:14123", "pair_seconds": 4.367, "run_seconds": 78.64}
{"completed": 73, "total": 200, "pair_id": "cloth_sports:prompt_dev:1644:4041", "pair_seconds": 3.996, "run_seconds": 80.0}
{"completed": 74, "total": 200, "pair_id": "cloth_sports:prompt_dev:1644:366", "pair_seconds": 3.833, "run_seconds": 81.77}
{"completed": 75, "total": 200, "pair_id": "cloth_sports:prompt_dev:1644:1108", "pair_seconds": 4.059, "run_seconds": 82.18}
{"pair_id": "cloth_sports:prompt_dev:1644:1045", "error": "popularity_bias: reasoning hit the token limit", "type": "PipelineError"}
{"pair_id": "cloth_sports:prompt_dev:1644:2456", "error": "popularity_bias: malformed reasoning (expected one short sentence)", "type": "PipelineError"}
{"pair_id": "cloth_sports:prompt_dev:1644:1178", "error": "popularity_bias: malformed reasoning (expected one short sentence)", "type": "PipelineError"}
{"completed": 76, "total": 200, "pair_id": "cloth_sports:prompt_dev:1644:7240", "pair_seconds": 3.758, "run_seconds": 85.94}
{"completed": 77, "total": 200, "pair_id": "cloth_sports:prompt_dev:1644:626", "pair_seconds": 3.666, "run_seconds": 86.66}
{"completed": 78, "total": 200, "pair_id": "cloth_sports:prompt_dev:1644:4069", "pair_seconds": 4.021, "run_seconds": 88.31}
{"completed": 79, "total": 200, "pair_id": "cloth_sports:prompt_dev:1773:7553", "pair_seconds": 4.059, "run_seconds": 90.0}
{"pair_id": "cloth_sports:prompt_dev:1773:1371", "error": "popularity_bias: reasoning hit the token limit", "type": "PipelineError"}
{"completed": 80, "total": 200, "pair_id": "cloth_sports:prompt_dev:1773:11712", "pair_seconds": 4.633, "run_seconds": 91.3}
{"completed": 81, "total": 200, "pair_id": "cloth_sports:prompt_dev:1773:12349", "pair_seconds": 3.538, "run_seconds": 91.85}
{"completed": 82, "total": 200, "pair_id": "cloth_sports:prompt_dev:1773:16236", "pair_seconds": 3.811, "run_seconds": 93.96}
{"completed": 83, "total": 200, "pair_id": "cloth_sports:prompt_dev:1773:7399", "pair_seconds": 4.369, "run_seconds": 94.37}
{"completed": 84, "total": 200, "pair_id": "cloth_sports:prompt_dev:1773:5292", "pair_seconds": 3.61, "run_seconds": 94.91}
{"pair_id": "cloth_sports:prompt_dev:1773:9068", "error": "semantic: malformed reasoning (expected one short sentence)", "type": "PipelineError"}
{"completed": 85, "total": 200, "pair_id": "cloth_sports:prompt_dev:1773:5822", "pair_seconds": 3.723, "run_seconds": 95.57}
{"completed": 86, "total": 200, "pair_id": "cloth_sports:prompt_dev:1773:15269", "pair_seconds": 3.395, "run_seconds": 97.76}
{"completed": 87, "total": 200, "pair_id": "cloth_sports:prompt_dev:1865:15940", "pair_seconds": 3.412, "run_seconds": 98.56}
{"completed": 88, "total": 200, "pair_id": "cloth_sports:prompt_dev:1865:14891", "pair_seconds": 3.505, "run_seconds": 99.08}
{"completed": 89, "total": 200, "pair_id": "cloth_sports:prompt_dev:1865:2295", "pair_seconds": 4.183, "run_seconds": 99.09}
{"completed": 90, "total": 200, "pair_id": "cloth_sports:prompt_dev:1865:15806", "pair_seconds": 3.473, "run_seconds": 101.23}
{"completed": 91, "total": 200, "pair_id": "cloth_sports:prompt_dev:1865:3598", "pair_seconds": 3.415, "run_seconds": 102.51}
{"completed": 92, "total": 200, "pair_id": "cloth_sports:prompt_dev:1865:1644", "pair_seconds": 4.195, "run_seconds": 102.75}
{"completed": 93, "total": 200, "pair_id": "cloth_sports:prompt_dev:1865:15214", "pair_seconds": 4.123, "run_seconds": 103.2}
{"pair_id": "cloth_sports:prompt_dev:1865:12607", "error": "semantic: malformed reasoning (expected one short sentence)", "type": "PipelineError"}
{"pair_id": "cloth_sports:prompt_dev:1921:2456", "error": "semantic: malformed reasoning (expected one short sentence)", "type": "PipelineError"}
{"completed": 94, "total": 200, "pair_id": "cloth_sports:prompt_dev:1865:15748", "pair_seconds": 3.985, "run_seconds": 105.22}
{"completed": 95, "total": 200, "pair_id": "cloth_sports:prompt_dev:1865:13820", "pair_seconds": 3.597, "run_seconds": 106.35}
{"completed": 96, "total": 200, "pair_id": "cloth_sports:prompt_dev:1921:2925", "pair_seconds": 4.013, "run_seconds": 107.77}
{"completed": 97, "total": 200, "pair_id": "cloth_sports:prompt_dev:1921:3388", "pair_seconds": 3.562, "run_seconds": 108.04}
{"completed": 98, "total": 200, "pair_id": "cloth_sports:prompt_dev:1921:12778", "pair_seconds": 3.731, "run_seconds": 108.95}
{"completed": 99, "total": 200, "pair_id": "cloth_sports:prompt_dev:1921:4787", "pair_seconds": 3.487, "run_seconds": 109.84}
{"completed": 100, "total": 200, "pair_id": "cloth_sports:prompt_dev:1921:13527", "pair_seconds": 3.961, "run_seconds": 111.73}
{"completed": 101, "total": 200, "pair_id": "cloth_sports:prompt_dev:1921:4101", "pair_seconds": 3.442, "run_seconds": 112.39}
{"completed": 102, "total": 200, "pair_id": "cloth_sports:prompt_dev:1921:4069", "pair_seconds": 4.852, "run_seconds": 112.9}
{"completed": 103, "total": 200, "pair_id": "cloth_sports:prompt_dev:1921:13098", "pair_seconds": 3.641, "run_seconds": 113.48}
{"completed": 104, "total": 200, "pair_id": "cloth_sports:prompt_dev:1921:13529", "pair_seconds": 3.437, "run_seconds": 115.17}
{"completed": 105, "total": 200, "pair_id": "cloth_sports:prompt_dev:1991:3388", "pair_seconds": 4.131, "run_seconds": 116.52}
{"completed": 106, "total": 200, "pair_id": "cloth_sports:prompt_dev:1991:13437", "pair_seconds": 4.531, "run_seconds": 117.43}
{"completed": 107, "total": 200, "pair_id": "cloth_sports:prompt_dev:1991:2634", "pair_seconds": 4.257, "run_seconds": 117.74}
{"completed": 108, "total": 200, "pair_id": "cloth_sports:prompt_dev:1991:12064", "pair_seconds": 4.182, "run_seconds": 119.35}
{"completed": 109, "total": 200, "pair_id": "cloth_sports:prompt_dev:1991:46", "pair_seconds": 4.131, "run_seconds": 120.66}
{"completed": 110, "total": 200, "pair_id": "cloth_sports:prompt_dev:1991:4", "pair_seconds": 3.494, "run_seconds": 121.23}
{"completed": 111, "total": 200, "pair_id": "cloth_sports:prompt_dev:1991:2786", "pair_seconds": 3.977, "run_seconds": 121.4}
{"pair_id": "cloth_sports:prompt_dev:1991:6506", "error": "semantic: malformed reasoning (expected one short sentence)", "type": "PipelineError"}
{"completed": 112, "total": 200, "pair_id": "cloth_sports:prompt_dev:1991:14663", "pair_seconds": 4.184, "run_seconds": 123.53}
{"completed": 113, "total": 200, "pair_id": "cloth_sports:prompt_dev:2174:3388", "pair_seconds": 3.646, "run_seconds": 125.05}
{"completed": 114, "total": 200, "pair_id": "cloth_sports:prompt_dev:1991:15190", "pair_seconds": 3.997, "run_seconds": 125.23}
{"completed": 115, "total": 200, "pair_id": "cloth_sports:prompt_dev:2174:12562", "pair_seconds": 3.378, "run_seconds": 125.28}
{"completed": 116, "total": 200, "pair_id": "cloth_sports:prompt_dev:2174:46", "pair_seconds": 4.362, "run_seconds": 127.89}
{"completed": 117, "total": 200, "pair_id": "cloth_sports:prompt_dev:2174:5973", "pair_seconds": 4.0, "run_seconds": 129.05}
{"completed": 118, "total": 200, "pair_id": "cloth_sports:prompt_dev:2174:7579", "pair_seconds": 3.827, "run_seconds": 129.05}
{"completed": 119, "total": 200, "pair_id": "cloth_sports:prompt_dev:2174:15025", "pair_seconds": 3.982, "run_seconds": 129.26}
{"pair_id": "cloth_sports:prompt_dev:2174:732", "error": "collaborative: malformed reasoning (expected one short sentence)", "type": "PipelineError"}
{"completed": 120, "total": 200, "pair_id": "cloth_sports:prompt_dev:2174:1371", "pair_seconds": 4.205, "run_seconds": 132.1}
{"completed": 121, "total": 200, "pair_id": "cloth_sports:prompt_dev:2174:1825", "pair_seconds": 3.768, "run_seconds": 132.82}
{"completed": 122, "total": 200, "pair_id": "cloth_sports:prompt_dev:2174:15121", "pair_seconds": 4.041, "run_seconds": 133.3}
{"completed": 123, "total": 200, "pair_id": "cloth_sports:prompt_dev:2204:430", "pair_seconds": 4.045, "run_seconds": 135.35}
{"completed": 124, "total": 200, "pair_id": "cloth_sports:prompt_dev:2204:8010", "pair_seconds": 4.113, "run_seconds": 136.21}
{"completed": 125, "total": 200, "pair_id": "cloth_sports:prompt_dev:2204:1371", "pair_seconds": 3.775, "run_seconds": 136.59}
{"completed": 126, "total": 200, "pair_id": "cloth_sports:prompt_dev:2204:6884", "pair_seconds": 3.704, "run_seconds": 137.01}
{"completed": 127, "total": 200, "pair_id": "cloth_sports:prompt_dev:2204:37", "pair_seconds": 3.613, "run_seconds": 138.96}
{"completed": 128, "total": 200, "pair_id": "cloth_sports:prompt_dev:2204:9933", "pair_seconds": 3.523, "run_seconds": 139.74}
{"completed": 129, "total": 200, "pair_id": "cloth_sports:prompt_dev:2204:12332", "pair_seconds": 3.515, "run_seconds": 140.11}
{"completed": 130, "total": 200, "pair_id": "cloth_sports:prompt_dev:2204:13788", "pair_seconds": 3.634, "run_seconds": 140.64}
{"completed": 131, "total": 200, "pair_id": "cloth_sports:prompt_dev:2204:2295", "pair_seconds": 3.324, "run_seconds": 142.29}
{"completed": 132, "total": 200, "pair_id": "cloth_sports:prompt_dev:2204:6885", "pair_seconds": 3.322, "run_seconds": 143.06}
{"completed": 133, "total": 200, "pair_id": "cloth_sports:prompt_dev:2441:3084", "pair_seconds": 3.941, "run_seconds": 144.05}
{"completed": 134, "total": 200, "pair_id": "cloth_sports:prompt_dev:2441:14058", "pair_seconds": 3.762, "run_seconds": 144.4}
{"completed": 135, "total": 200, "pair_id": "cloth_sports:prompt_dev:2441:15748", "pair_seconds": 3.906, "run_seconds": 146.96}
{"completed": 136, "total": 200, "pair_id": "cloth_sports:prompt_dev:2441:732", "pair_seconds": 4.686, "run_seconds": 146.97}
{"completed": 137, "total": 200, "pair_id": "cloth_sports:prompt_dev:2441:14060", "pair_seconds": 3.385, "run_seconds": 147.43}
{"completed": 138, "total": 200, "pair_id": "cloth_sports:prompt_dev:2441:14764", "pair_seconds": 3.934, "run_seconds": 148.34}
{"completed": 139, "total": 200, "pair_id": "cloth_sports:prompt_dev:2441:731", "pair_seconds": 3.248, "run_seconds": 150.21}
{"completed": 140, "total": 200, "pair_id": "cloth_sports:prompt_dev:2441:13517", "pair_seconds": 3.573, "run_seconds": 150.54}
{"completed": 141, "total": 200, "pair_id": "cloth_sports:prompt_dev:2441:9287", "pair_seconds": 3.661, "run_seconds": 151.1}
{"completed": 142, "total": 200, "pair_id": "cloth_sports:prompt_dev:2441:17593", "pair_seconds": 3.713, "run_seconds": 152.05}
{"completed": 143, "total": 200, "pair_id": "cloth_sports:prompt_dev:2481:6594", "pair_seconds": 3.331, "run_seconds": 153.87}
{"completed": 144, "total": 200, "pair_id": "cloth_sports:prompt_dev:2481:37", "pair_seconds": 4.148, "run_seconds": 154.36}
{"completed": 145, "total": 200, "pair_id": "cloth_sports:prompt_dev:2481:3388", "pair_seconds": 4.035, "run_seconds": 155.13}
{"completed": 146, "total": 200, "pair_id": "cloth_sports:prompt_dev:2481:13732", "pair_seconds": 4.229, "run_seconds": 156.28}
{"completed": 147, "total": 200, "pair_id": "cloth_sports:prompt_dev:2481:2605", "pair_seconds": 3.615, "run_seconds": 157.49}
{"completed": 148, "total": 200, "pair_id": "cloth_sports:prompt_dev:2481:8339", "pair_seconds": 3.809, "run_seconds": 158.17}
{"completed": 149, "total": 200, "pair_id": "cloth_sports:prompt_dev:2481:7045", "pair_seconds": 3.599, "run_seconds": 158.73}
{"pair_id": "cloth_sports:prompt_dev:2481:15687", "error": "collaborative: reasoning hit the token limit", "type": "PipelineError"}
{"completed": 150, "total": 200, "pair_id": "cloth_sports:prompt_dev:2481:16083", "pair_seconds": 3.717, "run_seconds": 161.21}
{"completed": 151, "total": 200, "pair_id": "cloth_sports:prompt_dev:2481:18229", "pair_seconds": 3.762, "run_seconds": 161.93}
{"completed": 152, "total": 200, "pair_id": "cloth_sports:prompt_dev:2652:7399", "pair_seconds": 3.881, "run_seconds": 162.61}
{"completed": 153, "total": 200, "pair_id": "cloth_sports:prompt_dev:2652:9489", "pair_seconds": 4.01, "run_seconds": 162.85}
{"completed": 154, "total": 200, "pair_id": "cloth_sports:prompt_dev:2652:11712", "pair_seconds": 3.916, "run_seconds": 165.12}
{"completed": 155, "total": 200, "pair_id": "cloth_sports:prompt_dev:2652:14055", "pair_seconds": 4.108, "run_seconds": 166.04}
{"completed": 156, "total": 200, "pair_id": "cloth_sports:prompt_dev:2652:14056", "pair_seconds": 3.587, "run_seconds": 166.44}
{"completed": 157, "total": 200, "pair_id": "cloth_sports:prompt_dev:2652:1371", "pair_seconds": 4.299, "run_seconds": 166.91}
{"pair_id": "cloth_sports:prompt_dev:2652:737", "error": "popularity_bias: malformed reasoning (expected one short sentence)", "type": "PipelineError"}
{"completed": 158, "total": 200, "pair_id": "cloth_sports:prompt_dev:2652:5680", "pair_seconds": 3.384, "run_seconds": 169.42}
{"completed": 159, "total": 200, "pair_id": "cloth_sports:prompt_dev:2652:223", "pair_seconds": 3.621, "run_seconds": 170.06}
{"completed": 160, "total": 200, "pair_id": "cloth_sports:prompt_dev:2652:8359", "pair_seconds": 3.695, "run_seconds": 170.6}
{"completed": 161, "total": 200, "pair_id": "cloth_sports:prompt_dev:2930:819", "pair_seconds": 3.368, "run_seconds": 173.43}
{"completed": 162, "total": 200, "pair_id": "cloth_sports:prompt_dev:2930:818", "pair_seconds": 4.907, "run_seconds": 173.7}
{"completed": 163, "total": 200, "pair_id": "cloth_sports:prompt_dev:2930:3388", "pair_seconds": 4.284, "run_seconds": 173.71}
{"completed": 164, "total": 200, "pair_id": "cloth_sports:prompt_dev:2930:1371", "pair_seconds": 4.139, "run_seconds": 174.74}
{"completed": 165, "total": 200, "pair_id": "cloth_sports:prompt_dev:2930:842", "pair_seconds": 3.593, "run_seconds": 177.3}
{"completed": 166, "total": 200, "pair_id": "cloth_sports:prompt_dev:2930:642", "pair_seconds": 3.75, "run_seconds": 177.45}
{"completed": 167, "total": 200, "pair_id": "cloth_sports:prompt_dev:2930:37", "pair_seconds": 4.58, "run_seconds": 178.01}
{"completed": 168, "total": 200, "pair_id": "cloth_sports:prompt_dev:2930:2947", "pair_seconds": 3.723, "run_seconds": 178.47}
{"completed": 169, "total": 200, "pair_id": "cloth_sports:prompt_dev:2930:841", "pair_seconds": 3.757, "run_seconds": 181.06}
{"completed": 170, "total": 200, "pair_id": "cloth_sports:prompt_dev:2930:2237", "pair_seconds": 4.025, "run_seconds": 181.47}
{"completed": 171, "total": 200, "pair_id": "cloth_sports:prompt_dev:3013:4788", "pair_seconds": 3.487, "run_seconds": 181.95}
{"completed": 172, "total": 200, "pair_id": "cloth_sports:prompt_dev:3013:1371", "pair_seconds": 4.117, "run_seconds": 182.12}
{"completed": 173, "total": 200, "pair_id": "cloth_sports:prompt_dev:3013:1825", "pair_seconds": 3.713, "run_seconds": 184.77}
{"completed": 174, "total": 200, "pair_id": "cloth_sports:prompt_dev:3013:3084", "pair_seconds": 4.055, "run_seconds": 185.53}
{"completed": 175, "total": 200, "pair_id": "cloth_sports:prompt_dev:3013:2295", "pair_seconds": 4.154, "run_seconds": 186.11}
{"completed": 176, "total": 200, "pair_id": "cloth_sports:prompt_dev:3013:15025", "pair_seconds": 3.99, "run_seconds": 186.11}
{"completed": 177, "total": 200, "pair_id": "cloth_sports:prompt_dev:3013:732", "pair_seconds": 3.856, "run_seconds": 188.63}
{"completed": 178, "total": 200, "pair_id": "cloth_sports:prompt_dev:3013:14578", "pair_seconds": 3.741, "run_seconds": 189.27}
{"completed": 179, "total": 200, "pair_id": "cloth_sports:prompt_dev:3013:731", "pair_seconds": 3.322, "run_seconds": 189.43}
{"completed": 180, "total": 200, "pair_id": "cloth_sports:prompt_dev:3013:3388", "pair_seconds": 3.692, "run_seconds": 189.81}
20 failed pairs; successful outputs retained
